// Jest Snapshot v1, https://goo.gl/fbAQLP

exports[`BaseFlexGrid renders: with default styles 1`] = `
<ForwardRef>
  <Block
    data-baseweb="flex-grid"
    display="flex"
    flexWrap={true}
  >
    <Block
      data-baseweb="flex-grid"
      display="flex"
      flexWrap={true}
      forwardedRef={null}
    >
      <ForwardRef
        $as="div"
        $display="flex"
        $flexWrap={true}
        data-baseweb="flex-grid"
      >
        <MockStyledComponent
          $as="div"
          $display="flex"
          $flexWrap={true}
          data-baseweb="flex-grid"
          forwardedRef={null}
        >
          <div
            data-baseweb="flex-grid"
            styled-component="true"
            test-style={
              Object {
                "display": "flex",
                "flexWrap": "wrap",
              }
            }
          />
        </MockStyledComponent>
      </ForwardRef>
    </Block>
  </Block>
</ForwardRef>
`;

exports[`BaseFlexGrid renders: with overridden styles 1`] = `
<ForwardRef
  display="none"
  flexWrap={false}
  overrides={
    Object {
      "Block": Object {
        "style": Object {
          "color": "red",
        },
      },
    }
  }
>
  <Block
    data-baseweb="flex-grid"
    display="none"
    flexWrap={false}
    overrides={
      Object {
        "Block": Object {
          "style": Object {
            "color": "red",
          },
        },
      }
    }
  >
    <Block
      data-baseweb="flex-grid"
      display="none"
      flexWrap={false}
      forwardedRef={null}
      overrides={
        Object {
          "Block": Object {
            "style": Object {
              "color": "red",
            },
          },
        }
      }
    >
      <ForwardRef
        $as="div"
        $display="none"
        $flexWrap={false}
        $style={
          Object {
            "color": "red",
          }
        }
        data-baseweb="flex-grid"
      >
        <MockStyledComponent
          $as="div"
          $display="none"
          $flexWrap={false}
          $style={
            Object {
              "color": "red",
            }
          }
          data-baseweb="flex-grid"
          forwardedRef={null}
        >
          <div
            data-baseweb="flex-grid"
            styled-component="true"
            test-style={
              Object {
                "color": "red",
                "display": "none",
                "flexWrap": "wrap",
              }
            }
          />
        </MockStyledComponent>
      </ForwardRef>
    </Block>
  </Block>
</ForwardRef>
`;

exports[`FlexGrid passes FlexGrid props to children: FlexGridItem with flexGridColumnCount 1`] = `
<FlexGrid
  flexGridColumnCount={4}
>
  <FlexGrid
    flexGridColumnCount={4}
    forwardedRef={null}
  >
    <ForwardRef>
      <Block
        data-baseweb="flex-grid"
        display="flex"
        flexWrap={true}
      >
        <Block
          data-baseweb="flex-grid"
          display="flex"
          flexWrap={true}
          forwardedRef={null}
        >
          <ForwardRef
            $as="div"
            $display="flex"
            $flexWrap={true}
            data-baseweb="flex-grid"
          >
            <MockStyledComponent
              $as="div"
              $display="flex"
              $flexWrap={true}
              data-baseweb="flex-grid"
              forwardedRef={null}
            >
              <div
                data-baseweb="flex-grid"
                styled-component="true"
                test-style={
                  Object {
                    "display": "flex",
                    "flexWrap": "wrap",
                  }
                }
              >
                <MockFlexGridItem
                  flexGridColumnCount={4}
                  flexGridItemCount={2}
                  flexGridItemIndex={0}
                  key=".0"
                >
                  <div
                    flex-grid-column-count={4}
                    flex-grid-item-count={2}
                    flex-grid-item-index={0}
                  >
                    Item 1
                  </div>
                </MockFlexGridItem>
                <MockFlexGridItem
                  flexGridColumnCount={4}
                  flexGridItemCount={2}
                  flexGridItemIndex={1}
                  key=".1"
                >
                  <div
                    flex-grid-column-count={4}
                    flex-grid-item-count={2}
                    flex-grid-item-index={1}
                  >
                    Item 2
                  </div>
                </MockFlexGridItem>
              </div>
            </MockStyledComponent>
          </ForwardRef>
        </Block>
      </Block>
    </ForwardRef>
  </FlexGrid>
</FlexGrid>
`;

exports[`FlexGrid renders: with default styles 1`] = `
<FlexGrid>
  <FlexGrid
    forwardedRef={null}
  >
    <ForwardRef>
      <Block
        data-baseweb="flex-grid"
        display="flex"
        flexWrap={true}
      >
        <Block
          data-baseweb="flex-grid"
          display="flex"
          flexWrap={true}
          forwardedRef={null}
        >
          <ForwardRef
            $as="div"
            $display="flex"
            $flexWrap={true}
            data-baseweb="flex-grid"
          >
            <MockStyledComponent
              $as="div"
              $display="flex"
              $flexWrap={true}
              data-baseweb="flex-grid"
              forwardedRef={null}
            >
              <div
                data-baseweb="flex-grid"
                styled-component="true"
                test-style={
                  Object {
                    "display": "flex",
                    "flexWrap": "wrap",
                  }
                }
              />
            </MockStyledComponent>
          </ForwardRef>
        </Block>
      </Block>
    </ForwardRef>
  </FlexGrid>
</FlexGrid>
`;

exports[`FlexGrid renders: with overridden styles 1`] = `
<FlexGrid
  overrides={
    Object {
      "Block": Object {
        "style": Object {
          "color": "red",
        },
      },
    }
  }
>
  <FlexGrid
    forwardedRef={null}
    overrides={
      Object {
        "Block": Object {
          "style": Object {
            "color": "red",
          },
        },
      }
    }
  >
    <ForwardRef
      $style={
        Object {
          "color": "red",
        }
      }
    >
      <Block
        $style={
          Object {
            "color": "red",
          }
        }
        data-baseweb="flex-grid"
        display="flex"
        flexWrap={true}
      >
        <Block
          $style={
            Object {
              "color": "red",
            }
          }
          data-baseweb="flex-grid"
          display="flex"
          flexWrap={true}
          forwardedRef={null}
        >
          <ForwardRef
            $as="div"
            $display="flex"
            $flexWrap={true}
            $style={
              Object {
                "color": "red",
              }
            }
            data-baseweb="flex-grid"
          >
            <MockStyledComponent
              $as="div"
              $display="flex"
              $flexWrap={true}
              $style={
                Object {
                  "color": "red",
                }
              }
              data-baseweb="flex-grid"
              forwardedRef={null}
            >
              <div
                data-baseweb="flex-grid"
                styled-component="true"
                test-style={
                  Object {
                    "color": "red",
                    "display": "flex",
                    "flexWrap": "wrap",
                  }
                }
              />
            </MockStyledComponent>
          </ForwardRef>
        </Block>
      </Block>
    </ForwardRef>
  </FlexGrid>
</FlexGrid>
`;
