// Jest Snapshot v1, https://goo.gl/fbAQLP

exports[`Stateless progress bar should render component: Component has correct render 1`] = `
<ProgressBar
  getProgressLabel={[MockFunction]}
  infinite={false}
  overrides={Object {}}
  showLabel={false}
  successValue={100}
  value={75}
>
  <ForwardRef
    $infinite={false}
    $successValue={100}
    $value={75}
    data-baseweb="progress-bar"
    role="progressbar"
  >
    <MockStyledComponent
      $infinite={false}
      $successValue={100}
      $value={75}
      data-baseweb="progress-bar"
      forwardedRef={null}
      role="progressbar"
    >
      <div
        data-baseweb="progress-bar"
        role="progressbar"
        styled-component="true"
        test-style={
          Object {
            "width": "100%",
          }
        }
      >
        <ForwardRef
          $infinite={false}
          $successValue={100}
          $value={75}
        >
          <MockStyledComponent
            $infinite={false}
            $successValue={100}
            $value={75}
            forwardedRef={null}
          >
            <div
              styled-component="true"
              test-style={
                Object {
                  "backgroundColor": null,
                  "borderBottomLeftRadius": "$theme.sizing.scale0",
                  "borderBottomRightRadius": "$theme.sizing.scale0",
                  "borderTopLeftRadius": "$theme.sizing.scale0",
                  "borderTopRightRadius": "$theme.sizing.scale0",
                  "height": "4px",
                  "marginBottom": "$theme.sizing.scale500",
                  "marginLeft": "$theme.sizing.scale500",
                  "marginRight": "$theme.sizing.scale500",
                  "marginTop": "$theme.sizing.scale500",
                  "overflow": "hidden",
                  "position": "relative",
                }
              }
            >
              <ForwardRef
                $infinite={false}
                $successValue={100}
                $value={75}
              >
                <MockStyledComponent
                  $infinite={false}
                  $successValue={100}
                  $value={75}
                  forwardedRef={null}
                >
                  <div
                    styled-component="true"
                    test-style={
                      Object {
                        "backgroundColor": "$theme.colors.accent",
                        "borderBottomLeftRadius": "$theme.sizing.scale0",
                        "borderBottomRightRadius": "$theme.sizing.scale0",
                        "borderTopLeftRadius": "$theme.sizing.scale0",
                        "borderTopRightRadius": "$theme.sizing.scale0",
                        "height": "100%",
                        "transition": "width 0.5s",
                        "width": "75%",
                      }
                    }
                  />
                </MockStyledComponent>
              </ForwardRef>
            </div>
          </MockStyledComponent>
        </ForwardRef>
      </div>
    </MockStyledComponent>
  </ForwardRef>
</ProgressBar>
`;
